---
# Source: quarkuscoffeeshop-store-kafka/templates/kafdrop.yaml
kind: Service
apiVersion: v1
metadata:
  name: kafdrop
  labels:
    app: kafdrop
spec:
  ports:
    - name: 9000-tcp
      port: 9000
      protocol: TCP
      targetPort: 9000
  selector:
    deploymentconfig: quarkus-cafe-events-kafdrop
---
# Source: quarkuscoffeeshop-store-kafka/templates/kafdrop.yaml
kind: DeploymentConfig
apiVersion: apps.openshift.io/v1
metadata:
  name: quarkus-cafe-events-kafdrop
  labels:
    app: kafdrop
  annotations:
    app.openshift.io/vcs-uri: 'https://github.com/obsidiandynamics/kafdrop'
spec:
  replicas: 1
  strategy:
    type: Recreate
  selector:
    name: kafdrop
  template:
    metadata:
      name: kafdrop
      labels:
        name: kafdrop
    spec:
      containers:
        - name: kafdrop
          env:
            - name: KAFKA_BROKERCONNECT
              value: "cafe-cluster-kafka-bootstrap:9092"
          imagePullPolicy: IfNotPresent
          image: obsidiandynamics/kafdrop
          ports:
            - containerPort: 9000
              protocol: TCP
          livenessProbe:
            failureThreshold: 3
            initialDelaySeconds: 30
            periodSeconds: 10
            successThreshold: 1
            httpGet:
              path: /actuator/health
              port: 9000
              scheme: HTTP
          readinessProbe:
            failureThreshold: 3
            initialDelaySeconds: 30
            periodSeconds: 10
            successThreshold: 1
            httpGet:
              path: /actuator/health
              port: 9000
              scheme: HTTP
  triggers:
    - type: ConfigChange
---
# Source: quarkuscoffeeshop-store-kafka/templates/amq-kafka-instance.yaml
apiVersion: kafka.strimzi.io/v1beta2
kind: Kafka
metadata:
  name: cafe-cluster
spec:
  entityOperator:
    topicOperator: {}
    userOperator: {}
  kafka:
    version: 3.6.0
    replicas: 3
    listeners:
      - name: plain
        port: 9092
        type: internal
        tls: false
      - name: tls
        port: 9093
        type: internal
        tls: true
    config:
      default.replication.factor: 3
      inter.broker.protocol.version: '3.6'
      min.insync.replicas: 2
      offsets.topic.replication.factor: 3
      transaction.state.log.min.isr: 2
      transaction.state.log.replication.factor: 3
    storage:
      type: ephemeral
  zookeeper:
    replicas: 3
    storage:
      type: ephemeral
---
# Source: quarkuscoffeeshop-store-kafka/templates/mirror-maker.yaml
apiVersion: kafka.strimzi.io/v1beta2
kind: KafkaMirrorMaker
metadata:
  name: store-to-homeoffice-mm
spec:
  consumer:
    bootstrapServers: >-
      cafe-cluster-kafka-bootstrap:9092
    groupId: my-source-group-id
  include: .*
  livenessProbe:
    failureThreshold: 2
    initialDelaySeconds: 1
    periodSeconds: 1
    successThreshold: 1
    timeoutSeconds: 2
  producer:
    bootstrapServers: >-
      homeoffice-cluster-kafka-tls-bootstrap-coffeeshop-homeoffice.hub.example.com:443
    tls:
      trustedCertificates:
        - certificate: ca.crt
          secretName: homeoffice-kafka-cluster-cluster-ca-cert
  readinessProbe:
    failureThreshold: 2
    initialDelaySeconds: 0
    periodSeconds: 1
    successThreshold: 2
    timeoutSeconds: 2
  replicas: 1
  version: 3.1.0
---
# Source: quarkuscoffeeshop-store-kafka/templates/kafdrop.yaml
kind: Route
apiVersion: route.openshift.io/v1
metadata:
  labels:
    app: kafdrop
  name: kafdrop
spec:
  port:
    targetPort: 9000-tcp
  to:
    kind: Service
    name: kafdrop
    weight: 100
